// Vitest Snapshot v1, https://vitest.dev/guide/snapshot.html

exports[`Title > renders correctly 1`] = `
<div>
  <h2
    class="mb-4 text-lg font-bold uppercase"
    data-testid="title"
  >
    Login page
  </h2>
</div>
`;
