// Vitest Snapshot v1, https://vitest.dev/guide/snapshot.html

exports[`SocialIconBox > renders correctly 1`] = `<div />`;
